
> ux-case-study-backend@0.0.1 start:dev
> nest start --watch

[2J[3J[H[[90m23:28:36[0m] Starting compilation in watch mode...

